// Jest Snapshot v1, https://goo.gl/fbAQLP

exports[`TagList component renders the UI as expected 1`] = `
<p>
  This is a list of tags.
</p>
`;
